hive> CREATE TABLE files2 (line STRING);
OK
Time taken: 0.056 seconds
hive> LOAD DATA LOCAL INPATH '/file01.txt' INTO TABLE files2;
FAILED: SemanticException Line 1:23 Invalid path ''/file01.txt'': No files matching path file:/file01.txt
hive> LOAD DATA LOCAL INPATH '/fileo2.txt' INTO TABLE files2;
Loading data to table default.files2
OK
Time taken: 0.17 seconds
hive> CREATE TABLE word_counts1 AS
    > SELECT word, count(1) AS count FROM
    > (SELECT explode(split(line, ' ')) AS word FROM files) w
    > GROUP BY word
    > ORDER BY word;

hive> SELECT * FROM word_count;
FAILED: SemanticException [Error 10001]: Line 1:14 Table not found 'word_count'
hive> SELECT * FROM word_counts1;
OK
Bye     1
Hello   1
World   2
Time taken: 0.168 seconds, Fetched: 3 row(s)
hive>